// Jest Snapshot v1, https://goo.gl/fbAQLP

exports[`components/Layout Test Suite matches snapshot 1`] = `
Array [
  <header
    className="sc-bdVaJa kOkKhQ"
    display="flex"
  >
    <a
      className="sc-bdVaJa sc-bxivhb jKEtLG"
      href="/about-me"
    >
      <div
        className=" gatsby-image-wrapper"
        style={
          Object {
            "display": "inline-block",
            "height": undefined,
            "overflow": "hidden",
            "position": "relative",
            "width": undefined,
          }
        }
      >
        <img
          alt=""
          src="data:image/png;base64"
          style={
            Object {
              "height": "80px",
              "left": 0,
              "objectFit": "cover",
              "objectPosition": "center",
              "opacity": 1,
              "position": "absolute",
              "top": 0,
              "transitionDelay": "500ms",
              "width": "80px",
            }
          }
        />
        <picture>
          <source
            srcSet="/static/89ee547c5db6cbf9b37a682e8b3f3f57/8b091/profile-pic.png 1x,
/static/89ee547c5db6cbf9b37a682e8b3f3f57/1e576/profile-pic.png 1.5x,
/static/89ee547c5db6cbf9b37a682e8b3f3f57/6cb10/profile-pic.png 2x"
          />
          <img
            alt=""
            loading="lazy"
            onLoad={[Function]}
            src="/static/89ee547c5db6cbf9b37a682e8b3f3f57/8b091/profile-pic.png"
            srcSet="/static/89ee547c5db6cbf9b37a682e8b3f3f57/8b091/profile-pic.png 1x,
/static/89ee547c5db6cbf9b37a682e8b3f3f57/1e576/profile-pic.png 1.5x,
/static/89ee547c5db6cbf9b37a682e8b3f3f57/6cb10/profile-pic.png 2x"
            style={
              Object {
                "height": "80px",
                "left": 0,
                "objectFit": "cover",
                "objectPosition": "center",
                "opacity": 0,
                "position": "absolute",
                "top": 0,
                "transition": "opacity 500ms",
                "width": "80px",
              }
            }
          />
        </picture>
        <noscript
          dangerouslySetInnerHTML={
            Object {
              "__html": "<picture><source srcset=\\"/static/89ee547c5db6cbf9b37a682e8b3f3f57/8b091/profile-pic.png 1x,
/static/89ee547c5db6cbf9b37a682e8b3f3f57/1e576/profile-pic.png 1.5x,
/static/89ee547c5db6cbf9b37a682e8b3f3f57/6cb10/profile-pic.png 2x\\" /><img loading=\\"lazy\\" srcset=\\"/static/89ee547c5db6cbf9b37a682e8b3f3f57/8b091/profile-pic.png 1x,
/static/89ee547c5db6cbf9b37a682e8b3f3f57/1e576/profile-pic.png 1.5x,
/static/89ee547c5db6cbf9b37a682e8b3f3f57/6cb10/profile-pic.png 2x\\" src=\\"/static/89ee547c5db6cbf9b37a682e8b3f3f57/8b091/profile-pic.png\\" alt=\\"\\" style=\\"position:absolute;top:0;left:0;opacity:1;width:100%;height:100%;object-fit:cover;object-position:center\\"/></picture>",
            }
          }
        />
      </div>
      <div
        className="sc-bdVaJa ezLUsa"
        color="text"
        display="flex"
      >
        <h3
          className="sc-bwzfXH sc-htpNat klUrKO"
          color="primary"
          fontWeight="bold"
          letterSpacing={-1}
        >
          Jeremie Rodriguez
        </h3>
        <h4
          className="sc-bwzfXH sc-htpNat bvVtPB"
          fontWeight="semi-bold"
        >
          Full Stack Engineer
        </h4>
      </div>
    </a>
    <nav
      className="sc-bdVaJa cRCMnF"
      display="flex"
    >
      <div
        className="sc-bdVaJa fvcPEV"
        display="flex"
      >
        <a
          className="sc-bdVaJa sc-bxivhb jXVeSa"
          href="/"
        >
          <div
            className="sc-bdVaJa ipxrgW"
            height={32}
            width={32}
          />
          Test
        </a>
      </div>
    </nav>
  </header>,
  <main
    className="sc-bdVaJa bTnvRn"
  >
    Layout Component
  </main>,
]
`;
