// Jest Snapshot v1, https://goo.gl/fbAQLP

exports[`utils/HTML Test Suite matches snapshot 1`] = `
<div>
  <p
    className="sc-AxirZ cYqzvF"
    fontSize={20}
  >
    <a
      className="sc-AxiKw sc-AxgMl bFTFRJ"
      href="https://www.gatsbyjs.org"
      onClick={[Function]}
      rel="noopener noreferrer"
      target="_blank"
      variant="underlined"
    >
      Gatsby
    </a>
  </p>
  

  <blockquote
    className="sc-AxiKw NQHIh"
    color="gray"
    fontStyle="italic"
  >
    <div
      className="sc-AxiKw sc-AxheI ewSbbe"
      height="100%"
    />
    

    <p
      className="sc-AxirZ cYqzvF"
      fontSize={20}
    >
      blockquote
    </p>
    

  </blockquote>
  

  <p
    className="sc-AxirZ cYqzvF"
    fontSize={20}
  >
    <code
      className="sc-AxirZ dNannA"
      color="white"
      display="inline-flex"
      fontSize={16}
    >
      inline code
    </code>
  </p>
  

  <pre>
    <code
      className="sc-AxirZ dNannA"
      color="white"
      display="inline-flex"
      fontSize={16}
    >
      code

    </code>
  </pre>
  

  <span
    className="sc-AxirZ sc-AxhUy gKdEdr"
  >
    h1
  </span>
  

  <span
    className="sc-AxirZ sc-AxhUy hClPml"
  >
    h2
  </span>
  

  <span
    className="sc-AxirZ sc-AxhUy daxbBG"
  >
    h3
  </span>
  

  <span
    className="sc-AxirZ sc-AxhUy lgyYxC"
  >
    h4
  </span>
  

  <hr
    className="sc-AxiKw fgwXnd"
  />
  

  <p
    className="sc-AxirZ cYqzvF"
    fontSize={20}
  >
    text
  </p>
</div>
`;
