// Jest Snapshot v1, https://goo.gl/fbAQLP

exports[`utils/HTML Test Suite matches snapshot 1`] = `
<div>
  <p
    className="sc-bdVaJa dCDznL"
    fontSize={20}
  >
    <a
      className="sc-bxivhb sc-EHOje djSQgw"
      href="https://www.gatsbyjs.org"
      onClick={[Function]}
      rel="noopener noreferrer"
      target="_blank"
    >
      Gatsby
    </a>
  </p>
  

  <blockquote
    className="sc-bxivhb kgwSjx"
    color="gray"
    fontStyle="italic"
  >
    <div
      className="sc-bxivhb sc-bZQynM gpdccO"
      height="100%"
    />
    

    <p
      className="sc-bdVaJa dCDznL"
      fontSize={20}
    >
      blockquote
    </p>
    

  </blockquote>
  

  <p
    className="sc-bdVaJa dCDznL"
    fontSize={20}
  >
    <code
      className="sc-bdVaJa iELOxI"
      color="white"
      display="inline-block"
      fontSize={16}
    >
      inline code
    </code>
  </p>
  

  <pre>
    <code
      className="sc-bdVaJa iELOxI"
      color="white"
      display="inline-block"
      fontSize={16}
    >
      code

    </code>
  </pre>
  

  <h1
    className="sc-bdVaJa sc-bwzfXH jrAUjp"
  >
    h1
  </h1>
  

  <h2
    className="sc-bdVaJa sc-bwzfXH gHduMf"
  >
    h2
  </h2>
  

  <h3
    className="sc-bdVaJa sc-bwzfXH iTNkdO"
  >
    h3
  </h3>
  

  <h4
    className="sc-bdVaJa sc-bwzfXH cCbrNn"
  >
    h4
  </h4>
  

  <hr
    className="sc-bxivhb dCPlLh"
  />
  

  <p
    className="sc-bdVaJa dCDznL"
    fontSize={20}
  >
    text
  </p>
</div>
`;
