// Jest Snapshot v1, https://goo.gl/fbAQLP

exports[`components/Layout/Header/Navigation Test Suite matches snapshot 1`] = `
<nav
  className="sc-bdVaJa eynWct"
  display="flex"
>
  <div
    className="sc-bdVaJa hcqTQy"
    display="flex"
  >
    <a
      className="sc-bdVaJa sc-bwzfXH BnjcO"
      href="/"
    >
      <div
        className="sc-bdVaJa kKgGND"
        height={32}
        width={32}
      />
      Test
    </a>
  </div>
</nav>
`;
