// Jest Snapshot v1, https://goo.gl/fbAQLP

exports[`components/List Test Suite matches snapshot 1`] = `
<ul
  className="sc-AxjAm JEaiO"
>
  <label
    className="sc-AxirZ QKxAB"
    color="secondary"
    display="block"
    fontSize={32}
    fontWeight="semiBold"
  >
    List Label
  </label>
  <li
    className="sc-AxjAm iEUSPm"
    display="flex"
    fontSize={24}
    fontWeight="semiBold"
  >
    List Item 0
  </li>
  <li
    className="sc-AxjAm iEUSPm"
    display="flex"
    fontSize={24}
    fontWeight="semiBold"
  >
    List Item 1
  </li>
</ul>
`;
