// Jest Snapshot v1, https://goo.gl/fbAQLP

exports[`components/common/PreviousNextNavigation Test Suite matches snapshot 1`] = `
<div
  className="sc-AxjAm gGWDia"
  display="flex"
>
  <a
    className="sc-AxjAm sc-AxirZ fhLSnz"
    href="/previous"
    target="_blank"
    variant="underlined"
  >
    Prev
  </a>
  <a
    className="sc-AxjAm sc-AxirZ fhLSnz"
    href="/next"
    target="_blank"
    variant="underlined"
  >
    Next
  </a>
</div>
`;
