// Jest Snapshot v1, https://goo.gl/fbAQLP

exports[`components/common/List Test Suite matches snapshot 1`] = `
<ul
  className="sc-AxjAm sc-AxiKw laWlNr"
>
  <label
    className="sc-AxirZ jyJqGT"
    color="secondary"
    display="block"
    fontSize={32}
    fontWeight="semi-bold"
  >
    List Label
  </label>
  <li
    className="sc-AxjAm fyCqyO"
    display="flex"
    fontSize={24}
    fontWeight="semi-bold"
  >
    List Item 0
  </li>
  <li
    className="sc-AxjAm fyCqyO"
    display="flex"
    fontSize={24}
    fontWeight="semi-bold"
  >
    List Item 1
  </li>
</ul>
`;
