// Jest Snapshot v1, https://goo.gl/fbAQLP

exports[`components/Footer Test Suite matches snapshot 1`] = `
<footer
  className="sc-AxjAm bqVEBf"
>
  <a
    aria-label="Go to version 3.16.120 source code"
    className="sc-AxjAm sc-AxirZ fuzhFE"
    href="https://test-repository/tree/3.16.120"
    onClick={[Function]}
    rel="noopener noreferrer"
    target="_blank"
  >
    v3.16.120 - source code
  </a>
  <div
    className="sc-AxjAm MTWgd"
    color="gray"
    fontSize={14}
  >
    licensed under the Test-Licence license
  </div>
</footer>
`;
