// Jest Snapshot v1, https://goo.gl/fbAQLP

exports[`components/Layout Test Suite matches snapshot 1`] = `
Array [
  <header
    className="sc-AxjAm ceTnwe"
    display="flex"
  >
    <a
      className="sc-AxjAm sc-AxgMl kwzZub"
      href="/about-me"
      target="_blank"
    >
      <div
        className="sc-AxhUy hRxdMo gatsby-image-wrapper"
        style={
          Object {
            "display": "inline-block",
            "height": undefined,
            "overflow": "hidden",
            "position": "relative",
            "width": undefined,
          }
        }
      >
        <img
          alt=""
          aria-hidden={true}
          src="data:image/png;base64"
          style={
            Object {
              "height": 80,
              "left": 0,
              "objectFit": "cover",
              "objectPosition": "center",
              "opacity": 1,
              "position": "absolute",
              "top": 0,
              "transitionDelay": "500ms",
              "width": 80,
            }
          }
        />
        <picture>
          <source
            srcSet="/static/89ee547c5db6cbf9b37a682e8b3f3f57/8b091/profile-pic.png 1x,
/static/89ee547c5db6cbf9b37a682e8b3f3f57/1e576/profile-pic.png 1.5x,
/static/89ee547c5db6cbf9b37a682e8b3f3f57/6cb10/profile-pic.png 2x"
          />
          <img
            alt=""
            loading="lazy"
            onLoad={[Function]}
            src="/static/89ee547c5db6cbf9b37a682e8b3f3f57/8b091/profile-pic.png"
            srcSet="/static/89ee547c5db6cbf9b37a682e8b3f3f57/8b091/profile-pic.png 1x,
/static/89ee547c5db6cbf9b37a682e8b3f3f57/1e576/profile-pic.png 1.5x,
/static/89ee547c5db6cbf9b37a682e8b3f3f57/6cb10/profile-pic.png 2x"
            style={
              Object {
                "height": 80,
                "left": 0,
                "objectFit": "cover",
                "objectPosition": "center",
                "opacity": 0,
                "position": "absolute",
                "top": 0,
                "transition": "opacity 500ms",
                "width": 80,
              }
            }
          />
        </picture>
        <noscript
          dangerouslySetInnerHTML={
            Object {
              "__html": "<picture><source srcset=\\"/static/89ee547c5db6cbf9b37a682e8b3f3f57/8b091/profile-pic.png 1x,
/static/89ee547c5db6cbf9b37a682e8b3f3f57/1e576/profile-pic.png 1.5x,
/static/89ee547c5db6cbf9b37a682e8b3f3f57/6cb10/profile-pic.png 2x\\" /><img loading=\\"lazy\\" srcset=\\"/static/89ee547c5db6cbf9b37a682e8b3f3f57/8b091/profile-pic.png 1x,
/static/89ee547c5db6cbf9b37a682e8b3f3f57/1e576/profile-pic.png 1.5x,
/static/89ee547c5db6cbf9b37a682e8b3f3f57/6cb10/profile-pic.png 2x\\" src=\\"/static/89ee547c5db6cbf9b37a682e8b3f3f57/8b091/profile-pic.png\\" alt=\\"\\" style=\\"position:absolute;top:0;left:0;opacity:1;width:100%;height:100%;object-fit:cover;object-position:center\\"/></picture>",
            }
          }
        />
      </div>
      <div
        className="sc-AxjAm inuzPJ"
        display="flex"
      >
        <span
          className="sc-AxirZ sc-AxheI bklyOs"
          color="primary"
          fontWeight="bold"
          letterSpacing={-1}
        >
          Jeremie Rodriguez
        </span>
        <span
          className="sc-AxirZ sc-AxheI kQMNyf"
          fontWeight="semi-bold"
        >
          Full Stack Engineer
        </span>
      </div>
    </a>
    <nav
      className="sc-AxjAm fbAfJg"
      display="flex"
    >
      <div
        className="sc-AxjAm gqPulF"
        display="flex"
      >
        <a
          className="sc-AxjAm sc-AxgMl cvwZGk"
          href="/"
          target="_blank"
        >
          <svg
            className="sc-AxiKw cFlUSo"
            height={32}
            viewBox="0 0 24 24"
            width={32}
            xmlns="http://www.w3.org/2000/svg"
          />
          Test
        </a>
      </div>
      <div
        className="sc-AxjAm gqPulF"
        display="flex"
      >
        <a
          className="sc-AxjAm sc-AxgMl cvwZGk"
          onClick={[Function]}
          rel="noopener noreferrer"
          target="_blank"
        >
          <svg
            className="sc-AxiKw cFlUSo sc-AxiKw cFlUSo"
            height={32}
            viewBox="0 0 24 24"
            width={32}
            xmlns="http://www.w3.org/2000/svg"
          >
            <path
              d="M0 0h24v24H0z"
              fill="none"
            />
            <path
              d="M14 2H6c-1.1 0-1.99.9-1.99 2L4 20c0 1.1.89 2 1.99 2H18c1.1 0 2-.9 2-2V8l-6-6zm2 16H8v-2h8v2zm0-4H8v-2h8v2zm-3-5V3.5L18.5 9H13z"
            />
          </svg>
          Resume
        </a>
      </div>
    </nav>
  </header>,
  <main
    className="sc-AxjAm kmPJdy"
  >
    Layout Component
  </main>,
  <footer
    className="sc-AxjAm bqVEBf"
  >
    <a
      className="sc-AxjAm sc-AxgMl cdpyPx"
      href="https://test-repository/tree/3.16.120"
      onClick={[Function]}
      rel="noopener noreferrer"
      target="_blank"
    >
      v3.16.120 - source code
    </a>
    <div
      className="sc-AxjAm MTWgd"
      color="gray"
      fontSize={14}
    >
      licensed under the Test-Licence license
    </div>
  </footer>,
  <div
    className="sc-AxjAm efVvhy"
    display="flex"
    transform="translate3d(0, 100%, 0)"
    width={
      Object {
        "mobileL": 256,
      }
    }
  >
    <div
      className="sc-AxjAm ikXqKK"
      display="flex"
    >
      <button
        className="sc-AxhCb ldrPoz"
        onClick={[Function]}
      >
        <div
          className="sc-AxhUy hRxdMo gatsby-image-wrapper"
          style={
            Object {
              "display": "inline-block",
              "height": undefined,
              "overflow": "hidden",
              "position": "relative",
              "width": undefined,
            }
          }
        >
          <img
            alt=""
            aria-hidden={true}
            src="data:image/png;base64"
            style={
              Object {
                "height": 32,
                "left": 0,
                "objectFit": "cover",
                "objectPosition": "center",
                "opacity": 1,
                "position": "absolute",
                "top": 0,
                "transitionDelay": "500ms",
                "width": 32,
              }
            }
          />
          <picture>
            <source
              srcSet="/static/89ee547c5db6cbf9b37a682e8b3f3f57/8b091/profile-pic.png 1x,
/static/89ee547c5db6cbf9b37a682e8b3f3f57/1e576/profile-pic.png 1.5x,
/static/89ee547c5db6cbf9b37a682e8b3f3f57/6cb10/profile-pic.png 2x"
            />
            <img
              alt=""
              loading="lazy"
              onLoad={[Function]}
              src="/static/89ee547c5db6cbf9b37a682e8b3f3f57/8b091/profile-pic.png"
              srcSet="/static/89ee547c5db6cbf9b37a682e8b3f3f57/8b091/profile-pic.png 1x,
/static/89ee547c5db6cbf9b37a682e8b3f3f57/1e576/profile-pic.png 1.5x,
/static/89ee547c5db6cbf9b37a682e8b3f3f57/6cb10/profile-pic.png 2x"
              style={
                Object {
                  "height": 32,
                  "left": 0,
                  "objectFit": "cover",
                  "objectPosition": "center",
                  "opacity": 0,
                  "position": "absolute",
                  "top": 0,
                  "transition": "opacity 500ms",
                  "width": 32,
                }
              }
            />
          </picture>
          <noscript
            dangerouslySetInnerHTML={
              Object {
                "__html": "<picture><source srcset=\\"/static/89ee547c5db6cbf9b37a682e8b3f3f57/8b091/profile-pic.png 1x,
/static/89ee547c5db6cbf9b37a682e8b3f3f57/1e576/profile-pic.png 1.5x,
/static/89ee547c5db6cbf9b37a682e8b3f3f57/6cb10/profile-pic.png 2x\\" /><img loading=\\"lazy\\" srcset=\\"/static/89ee547c5db6cbf9b37a682e8b3f3f57/8b091/profile-pic.png 1x,
/static/89ee547c5db6cbf9b37a682e8b3f3f57/1e576/profile-pic.png 1.5x,
/static/89ee547c5db6cbf9b37a682e8b3f3f57/6cb10/profile-pic.png 2x\\" src=\\"/static/89ee547c5db6cbf9b37a682e8b3f3f57/8b091/profile-pic.png\\" alt=\\"\\" style=\\"position:absolute;top:0;left:0;opacity:1;width:100%;height:100%;object-fit:cover;object-position:center\\"/></picture>",
              }
            }
          />
        </div>
        <span
          className="sc-AxirZ iiXnRa"
          fontSize={18}
        >
          Install App
        </span>
        <svg
          className="sc-AxiKw gjbmxY"
          height={24}
          viewBox="0 0 24 24"
          width={24}
          xmlns="http://www.w3.org/2000/svg"
        >
          <path
            d="M0 0h24v24H0V0z"
            fill="none"
          />
          <path
            d="M18 1.01L8 1c-1.1 0-2 .9-2 2v3h2V5h10v14H8v-1H6v3c0 1.1.9 2 2 2h10c1.1 0 2-.9 2-2V3c0-1.1-.9-1.99-2-1.99zM10 15h2V8H5v2h3.59L3 15.59 4.41 17 10 11.41z"
            fill="white"
          />
          <path
            d="M0 0h24v24H0V0z"
            fill="none"
          />
        </svg>
      </button>
    </div>
    <button
      className="sc-AxhCb etDJDI"
      onClick={[Function]}
    >
      <svg
        className="sc-AxiKw cFHfnQ"
        height={25}
        viewBox="0 0 24 24"
        width={25}
        xmlns="http://www.w3.org/2000/svg"
      >
        <path
          d="M19 6.41L17.59 5 12 10.59 6.41 5 5 6.41 10.59 12 5 17.59 6.41 19 12 13.41 17.59 19 19 17.59 13.41 12z"
          fill="white"
        />
        <path
          d="M0 0h24v24H0z"
          fill="none"
        />
      </svg>
    </button>
  </div>,
]
`;
